// Jest Snapshot v1, https://goo.gl/fbAQLP

exports[`<Slider /> should render <Slider /> component 1`] = `
<div
  class="css-0 css-lkyta4 sc-bwzfXH jVnbds sc-bdVaJa bDWFJH"
/>
`;
