// Jest Snapshot v1, https://goo.gl/fbAQLP

exports[`<PixelsCard /> should render <PixelsCard /> component 1`] = `
<div
  class="css-1x10l6g"
>
  <div
    class="css-1lz8w4n"
  />
  <div
    class="css-pvvspc"
  />
</div>
`;
