// Jest Snapshot v1, https://goo.gl/fbAQLP

exports[`<AppBar /> should render <AppBar /> component 1`] = `
<div
  class="css-g713d"
/>
`;
