// Jest Snapshot v1, https://goo.gl/fbAQLP

exports[`<PixelsGrid /> should render <PixelsGrid /> component 1`] = `
<div
  class="css-0 css-11801zi sc-bwzfXH liBCIH sc-bdVaJa bDWFJH"
/>
`;
