// Jest Snapshot v1, https://goo.gl/fbAQLP

exports[`<PixelsGridItem /> should render <PixelsGridItem /> component 1`] = `
<div
  class="css-0 css-zwiamn sc-bdVaJa bDWFJH"
/>
`;
