// Jest Snapshot v1, https://goo.gl/fbAQLP

exports[`Pixels Stories initial state should match a snapshot 1`] = `
Object {
  "allIds": Array [],
  "itemsById": Object {},
  "selected": "",
}
`;
