// Jest Snapshot v1, https://goo.gl/fbAQLP

exports[`<Box /> should render <Box /> component 1`] = `
<div
  class="css-0 sc-bdVaJa bDWFJH"
/>
`;
